******************************************************************************
                  MSP430 Linker PC v16.9.3                     
******************************************************************************
>> Linked Mon Nov 08 12:10:30 2021

OUTPUT FILE NAME:   <quartz8G.out>
ENTRY POINT SYMBOL: "_c_int00_noargs_noexit"  address: 00008300


MEMORY CONFIGURATION

         name            origin    length      used     unused   attr    fill
----------------------  --------  ---------  --------  --------  ----  --------
  SFR                   00000000   00000010  00000000  00000010  RWIX
  PERIPHERALS_8BIT      00000010   000000f0  00000000  000000f0  RWIX
  PERIPHERALS_16BIT     00000100   00000100  00000000  00000100  RWIX
  RAM                   00000200   00000400  0000005a  000003a6  RWIX
  INFOD                 00001000   00000040  00000000  00000040  RWIX
  INFOC                 00001040   00000040  00000000  00000040  RWIX
  INFOB                 00001080   00000040  00000000  00000040  RWIX
  INFOA                 000010c0   00000040  00000000  00000040  RWIX
  FLASH                 00008000   00007fde  0000038c  00007c52  RWIX
  BSLSIGNATURE          0000ffde   00000002  00000002  00000000  RWIX  ffff 
  INT00                 0000ffe0   00000002  00000000  00000002  RWIX
  INT01                 0000ffe2   00000002  00000000  00000002  RWIX
  INT02                 0000ffe4   00000002  00000002  00000000  RWIX
  INT03                 0000ffe6   00000002  00000002  00000000  RWIX
  INT04                 0000ffe8   00000002  00000000  00000002  RWIX
  INT05                 0000ffea   00000002  00000002  00000000  RWIX
  INT06                 0000ffec   00000002  00000002  00000000  RWIX
  INT07                 0000ffee   00000002  00000002  00000000  RWIX
  INT08                 0000fff0   00000002  00000002  00000000  RWIX
  INT09                 0000fff2   00000002  00000002  00000000  RWIX
  INT10                 0000fff4   00000002  00000002  00000000  RWIX
  INT11                 0000fff6   00000002  00000000  00000002  RWIX
  INT12                 0000fff8   00000002  00000002  00000000  RWIX
  INT13                 0000fffa   00000002  00000002  00000000  RWIX
  INT14                 0000fffc   00000002  00000002  00000000  RWIX
  RESET                 0000fffe   00000002  00000002  00000000  RWIX


SECTION ALLOCATION MAP

 output                                  attributes/
section   page    origin      length       input sections
--------  ----  ----------  ----------   ----------------
.data      0    00000200    0000000a     UNINITIALIZED
                  00000200    0000000a     main.obj (.data)

.stack     0    000005b0    00000050     UNINITIALIZED
                  000005b0    00000002     rts430_eabi.lib : boot.obj (.stack)
                  000005b2    0000004e     --HOLE--

.text      0    00008000    00000376     
                  00008000    0000007c     rts430_eabi.lib : copy_decompress_lzss.obj (.text:decompress:lzss:__TI_decompress_lzss)
                  0000807c    0000006e                     : autoinit.obj (.text:_auto_init)
                  000080ea    0000006a     Crystal.obj (.text:init_HF)
                  00008154    0000005a     rts430_eabi.lib : cpy_tbl.obj (.text:copy_in)
                  000081ae    0000004c                     : lsr16.obj (.text)
                  000081fa    0000004a     main.obj (.text:Timer_B)
                  00008244    00000044     MSstopwatch.obj (.text:intit_MSSTW)
                  00008288    0000002e     main.obj (.text:main)
                  000082b6    0000002c     rts430_eabi.lib : lsl16.obj (.text)
                  000082e2    0000001e     GPIO.obj (.text:init_GPIO)
                  00008300    0000001a     rts430_eabi.lib : boot_special.obj (.text:_c_int00_noargs_noexit)
                  0000831a    00000014                     : mult16.obj (.text)
                  0000832e    00000012                     : copy_decompress_none.obj (.text:decompress:none:__TI_decompress_none)
                  00008340    00000012                     : memcpy.obj (.text:memcpy)
                  00008352    00000010                     : epilog.obj (.text)
                  00008362    00000008                     : isr_trap.obj (.text:_isr:__TI_ISR_TRAP)
                  0000836a    00000006                     : exit.obj (.text:abort)
                  00008370    00000004                     : pre_init.obj (.text:_system_pre_init)
                  00008374    00000002                     : startup.obj (.text:_system_post_cinit)

.cinit     0    00008376    00000016     
                  00008376    0000000e     (.cinit..data.load) [load image]
                  00008384    00000004     (__TI_handler_table)
                  00008388    00000004     (__TI_cinit_table)

.binit     0    00008000    00000000     

.init_array 
*          0    00008000    00000000     UNINITIALIZED

$fill000   0    0000ffde    00000002     
                  0000ffde    00000002     --HOLE-- [fill = ffff]

PORT1      0    0000ffe4    00000002     
                  0000ffe4    00000002     rts430_eabi.lib : int02.obj (.int02)

PORT2      0    0000ffe6    00000002     
                  0000ffe6    00000002     rts430_eabi.lib : int03.obj (.int03)

ADC10      0    0000ffea    00000002     
                  0000ffea    00000002     rts430_eabi.lib : int05.obj (.int05)

USCIAB0TX 
*          0    0000ffec    00000002     
                  0000ffec    00000002     rts430_eabi.lib : int06.obj (.int06)

USCIAB0RX 
*          0    0000ffee    00000002     
                  0000ffee    00000002     rts430_eabi.lib : int07.obj (.int07)

TIMERA1    0    0000fff0    00000002     
                  0000fff0    00000002     rts430_eabi.lib : int08.obj (.int08)

TIMERA0    0    0000fff2    00000002     
                  0000fff2    00000002     rts430_eabi.lib : int09.obj (.int09)

WDT        0    0000fff4    00000002     
                  0000fff4    00000002     rts430_eabi.lib : int10.obj (.int10)

TIMERB1    0    0000fff8    00000002     
                  0000fff8    00000002     rts430_eabi.lib : int12.obj (.int12)

TIMERB0    0    0000fffa    00000002     
                  0000fffa    00000002     main.obj (.int13)

NMI        0    0000fffc    00000002     
                  0000fffc    00000002     rts430_eabi.lib : int14.obj (.int14)

.reset     0    0000fffe    00000002     
                  0000fffe    00000002     rts430_eabi.lib : boot.obj (.reset)

MODULE SUMMARY

       Module                     code   ro data   rw data
       ------                     ----   -------   -------
    .\
       main.obj                   120    2         10     
       Crystal.obj                106    0         0      
       MSstopwatch.obj            68     0         0      
       GPIO.obj                   30     0         0      
    +--+--------------------------+------+---------+---------+
       Total:                     324    2         10     
                                                          
    C:\ti\ccsv7\tools\compiler\ti-cgt-msp430_16.9.3.LTS\lib\rts430_eabi.lib
       copy_decompress_lzss.obj   124    0         0      
       autoinit.obj               110    0         0      
       cpy_tbl.obj                90     0         0      
       lsr16.obj                  76     0         0      
       lsl16.obj                  44     0         0      
       boot_special.obj           26     0         0      
       mult16.obj                 20     0         0      
       copy_decompress_none.obj   18     0         0      
       memcpy.obj                 18     0         0      
       epilog.obj                 16     0         0      
       isr_trap.obj               8      0         0      
       exit.obj                   6      0         0      
       pre_init.obj               4      0         0      
       boot.obj                   0      2         0      
       int02.obj                  0      2         0      
       int03.obj                  0      2         0      
       int05.obj                  0      2         0      
       int06.obj                  0      2         0      
       int07.obj                  0      2         0      
       int08.obj                  0      2         0      
       int09.obj                  0      2         0      
       int10.obj                  0      2         0      
       int12.obj                  0      2         0      
       int14.obj                  0      2         0      
       startup.obj                2      0         0      
    +--+--------------------------+------+---------+---------+
       Total:                     562    22        0      
                                                          
       Stack:                     0      0         80     
       Linker Generated:          0      22        0      
    +--+--------------------------+------+---------+---------+
       Grand Total:               886    46        90     


LINKER GENERATED COPY TABLES

__TI_cinit_table @ 00008388 records: 1, size/record: 4, table size: 4
	.data: load addr=00008376, load size=0000000e bytes, run addr=00000200, run size=0000000a bytes, compression=copy


LINKER GENERATED HANDLER TABLE

__TI_handler_table @ 00008384 records: 2, size/record: 2, table size: 4
	index: 0, handler: __TI_decompress_lzss
	index: 1, handler: __TI_decompress_none


GLOBAL SYMBOLS: SORTED ALPHABETICALLY BY Name 

address   name                    
-------   ----                    
0000004a  ADC10AE0                
0000004b  ADC10AE1                
000001b0  ADC10CTL0               
000001b2  ADC10CTL1               
00000048  ADC10DTC0               
00000049  ADC10DTC1               
000001b4  ADC10MEM                
000001bc  ADC10SA                 
00000057  BCSCTL1                 
00000058  BCSCTL2                 
00000053  BCSCTL3                 
0000836a  C$$EXIT                 
000010fb  CALBC1_12MHZ            
000010f9  CALBC1_16MHZ            
000010ff  CALBC1_1MHZ             
000010fd  CALBC1_8MHZ             
000010fa  CALDCO_12MHZ            
000010f8  CALDCO_16MHZ            
000010fe  CALDCO_1MHZ             
000010fc  CALDCO_8MHZ             
00000056  DCOCTL                  
00000128  FCTL1                   
0000012a  FCTL2                   
0000012c  FCTL3                   
00000000  IE1                     
00000001  IE2                     
00000002  IFG1                    
00000003  IFG2                    
00000022  P1DIR                   
00000025  P1IE                    
00000024  P1IES                   
00000023  P1IFG                   
00000020  P1IN                    
00000021  P1OUT                   
00000027  P1REN                   
00000026  P1SEL                   
0000002a  P2DIR                   
0000002d  P2IE                    
0000002c  P2IES                   
0000002b  P2IFG                   
00000028  P2IN                    
00000029  P2OUT                   
0000002f  P2REN                   
0000002e  P2SEL                   
0000001a  P3DIR                   
00000018  P3IN                    
00000019  P3OUT                   
00000010  P3REN                   
0000001b  P3SEL                   
0000001e  P4DIR                   
0000001c  P4IN                    
0000001d  P4OUT                   
00000011  P4REN                   
0000001f  P4SEL                   
00000172  TACCR0                  
00000174  TACCR1                  
00000176  TACCR2                  
00000162  TACCTL0                 
00000164  TACCTL1                 
00000166  TACCTL2                 
00000160  TACTL                   
0000012e  TAIV                    
00000170  TAR                     
00000192  TBCCR0                  
00000194  TBCCR1                  
00000196  TBCCR2                  
00000182  TBCCTL0                 
00000184  TBCCTL1                 
00000186  TBCCTL2                 
00000180  TBCTL                   
0000011e  TBIV                    
00000190  TBR                     
000081fa  Timer_B                 
0000005d  UCA0ABCTL               
00000062  UCA0BR0                 
00000063  UCA0BR1                 
00000060  UCA0CTL0                
00000061  UCA0CTL1                
0000005f  UCA0IRRCTL              
0000005e  UCA0IRTCTL              
00000064  UCA0MCTL                
00000066  UCA0RXBUF               
00000065  UCA0STAT                
00000067  UCA0TXBUF               
0000006a  UCB0BR0                 
0000006b  UCB0BR1                 
00000068  UCB0CTL0                
00000069  UCB0CTL1                
0000006c  UCB0I2CIE               
00000118  UCB0I2COA               
0000011a  UCB0I2CSA               
0000006e  UCB0RXBUF               
0000006d  UCB0STAT                
0000006f  UCB0TXBUF               
00000120  WDTCTL                  
00000600  __STACK_END             
00000050  __STACK_SIZE            
UNDEFED   __TI_BINIT_Base         
UNDEFED   __TI_BINIT_Limit        
00008388  __TI_CINIT_Base         
0000838c  __TI_CINIT_Limit        
00008384  __TI_Handler_Table_Base 
00008388  __TI_Handler_Table_Limit
UNDEFED   __TI_INITARRAY_Base     
UNDEFED   __TI_INITARRAY_Limit    
00008362  __TI_ISR_TRAP           
00008000  __TI_decompress_lzss    
0000832e  __TI_decompress_none    
0000ffe4  __TI_int02              
0000ffe6  __TI_int03              
0000ffea  __TI_int05              
0000ffec  __TI_int06              
0000ffee  __TI_int07              
0000fff0  __TI_int08              
0000fff2  __TI_int09              
0000fff4  __TI_int10              
0000fff8  __TI_int12              
0000fffa  __TI_int13              
0000fffc  __TI_int14              
ffffffff  __TI_pprof_out_hndl     
ffffffff  __TI_prof_data_size     
ffffffff  __TI_prof_data_start    
ffffffff  __c_args__              
0000835e  __mspabi_func_epilog_1  
0000835c  __mspabi_func_epilog_2  
0000835a  __mspabi_func_epilog_3  
00008358  __mspabi_func_epilog_4  
00008356  __mspabi_func_epilog_5  
00008354  __mspabi_func_epilog_6  
00008352  __mspabi_func_epilog_7  
0000831a  __mspabi_mpyi           
0000831a  __mspabi_mpyi_sw        
000082b6  __mspabi_slli           
000082de  __mspabi_slli_1         
000082cc  __mspabi_slli_10        
000082ca  __mspabi_slli_11        
000082c8  __mspabi_slli_12        
000082c6  __mspabi_slli_13        
000082c4  __mspabi_slli_14        
000082c2  __mspabi_slli_15        
000082dc  __mspabi_slli_2         
000082da  __mspabi_slli_3         
000082d8  __mspabi_slli_4         
000082d6  __mspabi_slli_5         
000082d4  __mspabi_slli_6         
000082d2  __mspabi_slli_7         
000082d0  __mspabi_slli_8         
000082ce  __mspabi_slli_9         
000081ae  __mspabi_srli           
000081f4  __mspabi_srli_1         
000081d0  __mspabi_srli_10        
000081cc  __mspabi_srli_11        
000081c8  __mspabi_srli_12        
000081c4  __mspabi_srli_13        
000081c0  __mspabi_srli_14        
000081bc  __mspabi_srli_15        
000081f0  __mspabi_srli_2         
000081ec  __mspabi_srli_3         
000081e8  __mspabi_srli_4         
000081e4  __mspabi_srli_5         
000081e0  __mspabi_srli_6         
000081dc  __mspabi_srli_7         
000081d8  __mspabi_srli_8         
000081d4  __mspabi_srli_9         
0000807c  _auto_init              
00008300  _c_int00_noargs_noexit  
0000fffe  _reset_vector           
000005b0  _stack                  
00008374  _system_post_cinit      
00008370  _system_pre_init        
0000836a  abort                   
00008154  copy_in                 
00000206  expected_frequency      
000082e2  init_GPIO               
000080ea  init_HF                 
00008244  intit_MSSTW             
00000208  isLED                   
00008288  main                    
00008340  memcpy                  
00000200  ms_count                
00000204  off_cycle               
00000202  on_cycle                


GLOBAL SYMBOLS: SORTED BY Symbol Address 

address   name                    
-------   ----                    
00000000  IE1                     
00000001  IE2                     
00000002  IFG1                    
00000003  IFG2                    
00000010  P3REN                   
00000011  P4REN                   
00000018  P3IN                    
00000019  P3OUT                   
0000001a  P3DIR                   
0000001b  P3SEL                   
0000001c  P4IN                    
0000001d  P4OUT                   
0000001e  P4DIR                   
0000001f  P4SEL                   
00000020  P1IN                    
00000021  P1OUT                   
00000022  P1DIR                   
00000023  P1IFG                   
00000024  P1IES                   
00000025  P1IE                    
00000026  P1SEL                   
00000027  P1REN                   
00000028  P2IN                    
00000029  P2OUT                   
0000002a  P2DIR                   
0000002b  P2IFG                   
0000002c  P2IES                   
0000002d  P2IE                    
0000002e  P2SEL                   
0000002f  P2REN                   
00000048  ADC10DTC0               
00000049  ADC10DTC1               
0000004a  ADC10AE0                
0000004b  ADC10AE1                
00000050  __STACK_SIZE            
00000053  BCSCTL3                 
00000056  DCOCTL                  
00000057  BCSCTL1                 
00000058  BCSCTL2                 
0000005d  UCA0ABCTL               
0000005e  UCA0IRTCTL              
0000005f  UCA0IRRCTL              
00000060  UCA0CTL0                
00000061  UCA0CTL1                
00000062  UCA0BR0                 
00000063  UCA0BR1                 
00000064  UCA0MCTL                
00000065  UCA0STAT                
00000066  UCA0RXBUF               
00000067  UCA0TXBUF               
00000068  UCB0CTL0                
00000069  UCB0CTL1                
0000006a  UCB0BR0                 
0000006b  UCB0BR1                 
0000006c  UCB0I2CIE               
0000006d  UCB0STAT                
0000006e  UCB0RXBUF               
0000006f  UCB0TXBUF               
00000118  UCB0I2COA               
0000011a  UCB0I2CSA               
0000011e  TBIV                    
00000120  WDTCTL                  
00000128  FCTL1                   
0000012a  FCTL2                   
0000012c  FCTL3                   
0000012e  TAIV                    
00000160  TACTL                   
00000162  TACCTL0                 
00000164  TACCTL1                 
00000166  TACCTL2                 
00000170  TAR                     
00000172  TACCR0                  
00000174  TACCR1                  
00000176  TACCR2                  
00000180  TBCTL                   
00000182  TBCCTL0                 
00000184  TBCCTL1                 
00000186  TBCCTL2                 
00000190  TBR                     
00000192  TBCCR0                  
00000194  TBCCR1                  
00000196  TBCCR2                  
000001b0  ADC10CTL0               
000001b2  ADC10CTL1               
000001b4  ADC10MEM                
000001bc  ADC10SA                 
00000200  ms_count                
00000202  on_cycle                
00000204  off_cycle               
00000206  expected_frequency      
00000208  isLED                   
000005b0  _stack                  
00000600  __STACK_END             
000010f8  CALDCO_16MHZ            
000010f9  CALBC1_16MHZ            
000010fa  CALDCO_12MHZ            
000010fb  CALBC1_12MHZ            
000010fc  CALDCO_8MHZ             
000010fd  CALBC1_8MHZ             
000010fe  CALDCO_1MHZ             
000010ff  CALBC1_1MHZ             
00008000  __TI_decompress_lzss    
0000807c  _auto_init              
000080ea  init_HF                 
00008154  copy_in                 
000081ae  __mspabi_srli           
000081bc  __mspabi_srli_15        
000081c0  __mspabi_srli_14        
000081c4  __mspabi_srli_13        
000081c8  __mspabi_srli_12        
000081cc  __mspabi_srli_11        
000081d0  __mspabi_srli_10        
000081d4  __mspabi_srli_9         
000081d8  __mspabi_srli_8         
000081dc  __mspabi_srli_7         
000081e0  __mspabi_srli_6         
000081e4  __mspabi_srli_5         
000081e8  __mspabi_srli_4         
000081ec  __mspabi_srli_3         
000081f0  __mspabi_srli_2         
000081f4  __mspabi_srli_1         
000081fa  Timer_B                 
00008244  intit_MSSTW             
00008288  main                    
000082b6  __mspabi_slli           
000082c2  __mspabi_slli_15        
000082c4  __mspabi_slli_14        
000082c6  __mspabi_slli_13        
000082c8  __mspabi_slli_12        
000082ca  __mspabi_slli_11        
000082cc  __mspabi_slli_10        
000082ce  __mspabi_slli_9         
000082d0  __mspabi_slli_8         
000082d2  __mspabi_slli_7         
000082d4  __mspabi_slli_6         
000082d6  __mspabi_slli_5         
000082d8  __mspabi_slli_4         
000082da  __mspabi_slli_3         
000082dc  __mspabi_slli_2         
000082de  __mspabi_slli_1         
000082e2  init_GPIO               
00008300  _c_int00_noargs_noexit  
0000831a  __mspabi_mpyi           
0000831a  __mspabi_mpyi_sw        
0000832e  __TI_decompress_none    
00008340  memcpy                  
00008352  __mspabi_func_epilog_7  
00008354  __mspabi_func_epilog_6  
00008356  __mspabi_func_epilog_5  
00008358  __mspabi_func_epilog_4  
0000835a  __mspabi_func_epilog_3  
0000835c  __mspabi_func_epilog_2  
0000835e  __mspabi_func_epilog_1  
00008362  __TI_ISR_TRAP           
0000836a  C$$EXIT                 
0000836a  abort                   
00008370  _system_pre_init        
00008374  _system_post_cinit      
00008384  __TI_Handler_Table_Base 
00008388  __TI_CINIT_Base         
00008388  __TI_Handler_Table_Limit
0000838c  __TI_CINIT_Limit        
0000ffe4  __TI_int02              
0000ffe6  __TI_int03              
0000ffea  __TI_int05              
0000ffec  __TI_int06              
0000ffee  __TI_int07              
0000fff0  __TI_int08              
0000fff2  __TI_int09              
0000fff4  __TI_int10              
0000fff8  __TI_int12              
0000fffa  __TI_int13              
0000fffc  __TI_int14              
0000fffe  _reset_vector           
ffffffff  __TI_pprof_out_hndl     
ffffffff  __TI_prof_data_size     
ffffffff  __TI_prof_data_start    
ffffffff  __c_args__              
UNDEFED   __TI_BINIT_Base         
UNDEFED   __TI_BINIT_Limit        
UNDEFED   __TI_INITARRAY_Base     
UNDEFED   __TI_INITARRAY_Limit    

[182 symbols]
